2026-09-16T15:18:20.699042+00:00 mono=469105.100040 HOST RX_BYTES open=3 count=50 total=1346285
2026-09-16T15:18:20.699114+00:00 mono=469105.100108 LED_HEARTBEAT t=4697410 level=0 transitions=9390
2026-09-16T15:18:20.754251+00:00 mono=469105.155247 HOST RX_BYTES open=3 count=291 total=1346576
2026-09-16T15:18:20.754322+00:00 mono=469105.155312 HEARTBEAT session=5B525859 seq=2791 t=4697452 uptime_us=4697452425 state=STOPPED VCAP=2.8612 TS_mV=1855 IN=0x9C OUT=0x00 EOUT=0x00 MAIN=1 USB=1 DC=0 CAP=0 SS=1 BOOST=0 CHG_PG=1 STAT=1 EN42=0 LED=0 samples=0 max_gap_ms=0 edges=1 backup_ms=0 dropped_bytes=0 cycle=0 loss_ms=0 shutdown_in_ms=0
2026-09-16T15:18:21.220800+00:00 mono=469105.621796 HOST RX_BYTES open=3 count=50 total=1346626
2026-09-16T15:18:21.220871+00:00 mono=469105.621860 LED_HEARTBEAT t=4697910 level=1 transitions=9391
2026-09-16T15:18:21.696864+00:00 mono=469106.097856 HOST RX_BYTES open=3 count=1 total=1346627
2026-09-16T15:18:21.748274+00:00 mono=469106.149265 HOST RX_BYTES open=3 count=340 total=1346967
2026-09-16T15:18:21.748334+00:00 mono=469106.149320 LED_HEARTBEAT t=4698411 level=0 transitions=9392
2026-09-16T15:18:21.748350+00:00 mono=469106.149336 HEARTBEAT session=5B525859 seq=2792 t=4698453 uptime_us=4698453426 state=STOPPED VCAP=2.8612 TS_mV=1855 IN=0x8C OUT=0x00 EOUT=0x00 MAIN=1 USB=1 DC=0 CAP=0 SS=1 BOOST=0 CHG_PG=1 STAT=0 EN42=0 LED=0 samples=0 max_gap_ms=0 edges=1 backup_ms=0 dropped_bytes=0 cycle=0 loss_ms=0 shutdown_in_ms=0
2026-09-16T15:18:22.212475+00:00 mono=469106.613467 HOST RX_BYTES open=3 count=50 total=1347017
2026-09-16T15:18:22.212525+00:00 mono=469106.613509 LED_HEARTBEAT t=4698911 level=1 transitions=9393
2026-09-16T15:18:22.697908+00:00 mono=469107.098894 HOST RX_BYTES open=3 count=1 total=1347018
2026-09-16T15:18:22.748025+00:00 mono=469107.149011 HOST RX_BYTES open=3 count=340 total=1347358
2026-09-16T15:18:22.748068+00:00 mono=469107.149049 LED_HEARTBEAT t=4699412 level=0 transitions=9394
2026-09-16T15:18:22.748081+00:00 mono=469107.149062 HEARTBEAT session=5B525859 seq=2793 t=4699454 uptime_us=4699454424 state=STOPPED VCAP=2.8612 TS_mV=1855 IN=0x9C OUT=0x00 EOUT=0x00 MAIN=1 USB=1 DC=0 CAP=0 SS=1 BOOST=0 CHG_PG=1 STAT=1 EN42=0 LED=0 samples=0 max_gap_ms=0 edges=1 backup_ms=0 dropped_bytes=0 cycle=0 loss_ms=0 shutdown_in_ms=0
2026-09-16T15:18:22.748120+00:00 mono=469107.149101 HOST POLL present=1 handle=1 generation=2 open=3 rx_bytes=1347358 tx_bytes=123 silent_s=-0.0 firmware_session=5B525859
2026-09-16T15:18:23.220100+00:00 mono=469107.621085 HOST RX_BYTES open=3 count=50 total=1347408
2026-09-16T15:18:23.220157+00:00 mono=469107.621136 LED_HEARTBEAT t=4699912 level=1 transitions=9395
2026-09-16T15:18:23.697853+00:00 mono=469108.098837 HOST RX_BYTES open=3 count=1 total=1347409
2026-09-16T15:18:23.748196+00:00 mono=469108.149191 HOST RX_BYTES open=3 count=340 total=1347749
2026-09-16T15:18:23.748273+00:00 mono=469108.149252 LED_HEARTBEAT t=4700412 level=0 transitions=9396
2026-09-16T15:18:23.748292+00:00 mono=469108.149269 HEARTBEAT session=5B525859 seq=2794 t=4700454 uptime_us=4700454426 state=STOPPED VCAP=2.8612 TS_mV=1855 IN=0x8C OUT=0x00 EOUT=0x00 MAIN=1 USB=1 DC=0 CAP=0 SS=1 BOOST=0 CHG_PG=1 STAT=0 EN42=0 LED=0 samples=0 max_gap_ms=0 edges=1 backup_ms=0 dropped_bytes=0 cycle=0 loss_ms=0 shutdown_in_ms=0
2026-09-16T15:18:23.957251+00:00 mono=469108.358234 HOST QUIT accepted with verified safe close condition
