esptool.py v4.8.6
Serial port /dev/cu.usbmodem2101
Connecting...
Chip is ESP32-S3 (QFN56) (revision v0.2)
Features: WiFi, BLE, Embedded PSRAM 8MB (AP_3v3)
Crystal is 40MHz
USB mode: USB-Serial/JTAG
MAC: 68:ee:8f:58:b0:10
Uploading stub...
Running stub...
Stub running...
Changing baud rate to 460800
Changed.
Configuring flash size...
Flash will be erased from 0x00000000 to 0x00004fff...
Flash will be erased from 0x00008000 to 0x00008fff...
Flash will be erased from 0x0000e000 to 0x0000ffff...
Flash will be erased from 0x00010000 to 0x0007bfff...
SHA digest in image updated
Compressed 20224 bytes to 13060...
Writing at 0x00000000... (100 %)
Wrote 20224 bytes (13060 compressed) at 0x00000000 in 0.2 seconds (effective 785.4 kbit/s)...
Hash of data verified.
Compressed 3072 bytes to 146...
Writing at 0x00008000... (100 %)
Wrote 3072 bytes (146 compressed) at 0x00008000 in 0.0 seconds (effective 585.3 kbit/s)...
Hash of data verified.
Compressed 8192 bytes to 47...
Writing at 0x0000e000... (100 %)
Wrote 8192 bytes (47 compressed) at 0x0000e000 in 0.1 seconds (effective 910.2 kbit/s)...
Hash of data verified.
Compressed 438672 bytes to 246959...
Writing at 0x00010000... (6 %)
Writing at 0x0001c7ad... (12 %)
Writing at 0x0002dbd1... (18 %)
Writing at 0x00033a4f... (25 %)
Writing at 0x00038fb5... (31 %)
Writing at 0x0003eab0... (37 %)
Writing at 0x000441f3... (43 %)
Writing at 0x00049b15... (50 %)
Writing at 0x0004f270... (56 %)
Writing at 0x00054825... (62 %)
Writing at 0x0005a3c0... (68 %)
Writing at 0x0006312c... (75 %)
Writing at 0x00068edb... (81 %)
Writing at 0x0006ebda... (87 %)
Writing at 0x000747fa... (93 %)
Writing at 0x0007ab4b... (100 %)
Wrote 438672 bytes (246959 compressed) at 0x00010000 in 2.3 seconds (effective 1503.6 kbit/s)...
Hash of data verified.

Leaving...
Hard resetting via RTS pin...
